// Jest Snapshot v1, https://goo.gl/fbAQLP

exports[`snapshot test for Home snapshot test 1`] = `
<section
  className="message"
>
  <h2>
    Welcome to our page!
  </h2>
  <p>
    This is Math Magician. Here, we offer a variety of tools and collection of random quotes to keep you entertained. Our easy-to-use calculators are designed to help you with plenty of mathematics operations. You are welcomed to explore by yourself all what our website has to offer.
  </p>
</section>
`;
